// Jest Snapshot v1, https://goo.gl/fbAQLP

exports[`Affichage page principale should match snapshot 1`] = `
<div>
  <h1
    class="m-3"
  >
    Gare au mistral !
  </h1>
  <div
    class="bg-light p-4"
  >
    <div
      class="container"
    >
      <div
        class="row"
      >
        <div
          class="col py-md-3 mb-3"
        >
          <div
            class="text-center"
          >
            <div
              class="spinner-border"
              role="status"
            >
              <span
                class="sr-only"
              >
                Loading...
              </span>
            </div>
          </div>
        </div>
        <div
          class="col py-md-3 mb-3"
        >
          <div
            class="text-center"
          >
            <div
              class="spinner-border"
              role="status"
            >
              <span
                class="sr-only"
              >
                Loading...
              </span>
            </div>
          </div>
        </div>
      </div>
    </div>
  </div>
  <footer
    class="d-flex justify-content-between bg-secondary p-3"
    id="mainFooter"
  >
    Une app pour apprendre React et éviter d'être surpris par le mistral
  </footer>
</div>
`;
