// Jest Snapshot v1, https://goo.gl/fbAQLP

exports[`Affichage page principale should match snapshot 1`] = `
<div>
  <div>
    <button
      class="button"
      id="btn_forecast"
    >
      Forecast
    </button>
    <div>
      <p
        id="speed_today"
      >
        1
      </p>
      <p
        id="deg_today"
      >
        0
      </p>
    </div>
  </div>
</div>
`;
